Using pre-set license
Built from '2022.3/staging' branch; Version is '2022.3.10f1 (ff3792e53c62) revision 16725906'; Using compiler version '192829333'; Build Type 'Release'
OS: 'Windows 11  (10.0.26100) 64bit Core' Language: 'es' Physical Memory: 16051 MB
BatchMode: 1, IsHumanControllingUs: 0, StartBugReporterOnCrash: 0, Is64bit: 1, IsPro: 1

COMMAND LINE ARGUMENTS:
C:\Program Files\Unity 2022.3.10f1\Editor\Unity.exe
-adb2
-batchMode
-noUpm
-name
AssetImportWorker0
-projectPath
C:/Users/angel/Desktop/Yo/UNI/Aprende/ShaderBible
-logFile
Logs/AssetImportWorker0.log
-srvPort
59496
Successfully changed project path to: C:/Users/angel/Desktop/Yo/UNI/Aprende/ShaderBible
C:/Users/angel/Desktop/Yo/UNI/Aprende/ShaderBible
[UnityMemory] Configuration Parameters - Can be set up in boot.config
    "memorysetup-bucket-allocator-granularity=16"
    "memorysetup-bucket-allocator-bucket-count=8"
    "memorysetup-bucket-allocator-block-size=33554432"
    "memorysetup-bucket-allocator-block-count=8"
    "memorysetup-main-allocator-block-size=16777216"
    "memorysetup-thread-allocator-block-size=16777216"
    "memorysetup-gfx-main-allocator-block-size=16777216"
    "memorysetup-gfx-thread-allocator-block-size=16777216"
    "memorysetup-cache-allocator-block-size=4194304"
    "memorysetup-typetree-allocator-block-size=2097152"
    "memorysetup-profiler-bucket-allocator-granularity=16"
    "memorysetup-profiler-bucket-allocator-bucket-count=8"
    "memorysetup-profiler-bucket-allocator-block-size=33554432"
    "memorysetup-profiler-bucket-allocator-block-count=8"
    "memorysetup-profiler-allocator-block-size=16777216"
    "memorysetup-profiler-editor-allocator-block-size=1048576"
    "memorysetup-temp-allocator-size-main=16777216"
    "memorysetup-job-temp-allocator-block-size=2097152"
    "memorysetup-job-temp-allocator-block-size-background=1048576"
    "memorysetup-job-temp-allocator-reduction-small-platforms=262144"
    "memorysetup-allocator-temp-initial-block-size-main=262144"
    "memorysetup-allocator-temp-initial-block-size-worker=262144"
    "memorysetup-temp-allocator-size-background-worker=32768"
    "memorysetup-temp-allocator-size-job-worker=262144"
    "memorysetup-temp-allocator-size-preload-manager=33554432"
    "memorysetup-temp-allocator-size-nav-mesh-worker=65536"
    "memorysetup-temp-allocator-size-audio-worker=65536"
    "memorysetup-temp-allocator-size-cloud-worker=32768"
    "memorysetup-temp-allocator-size-gi-baking-worker=262144"
    "memorysetup-temp-allocator-size-gfx=262144"
Player connection [7768] Host "[IP] 172.20.10.2 [Port] 0 [Flags] 2 [Guid] 4234248276 [EditorId] 4234248276 [Version] 1048832 [Id] WindowsEditor(7,Ordenata) [Debug] 1 [PackageName] WindowsEditor [ProjectName] Editor" joined multi-casting on [225.0.0.222:54997]...

Player connection [7768] Host "[IP] 172.20.10.2 [Port] 0 [Flags] 2 [Guid] 4234248276 [EditorId] 4234248276 [Version] 1048832 [Id] WindowsEditor(7,Ordenata) [Debug] 1 [PackageName] WindowsEditor [ProjectName] Editor" joined alternative multi-casting on [225.0.0.222:34997]...

[Physics::Module] Initialized MultithreadedJobDispatcher with 15 workers.
Refreshing native plugins compatible for Editor in 13.07 ms, found 3 plugins.
Preloading 0 native plugins for Editor in 0.00 ms.
Initialize engine version: 2022.3.10f1 (ff3792e53c62)
[Subsystems] Discovering subsystems at path C:/Program Files/Unity 2022.3.10f1/Editor/Data/Resources/UnitySubsystems
[Subsystems] Discovering subsystems at path C:/Users/angel/Desktop/Yo/UNI/Aprende/ShaderBible/Assets
GfxDevice: creating device client; threaded=0; jobified=0
Direct3D:
    Version:  Direct3D 11.0 [level 11.1]
    Renderer: NVIDIA GeForce RTX 3050 Laptop GPU (ID=0x25a2)
    Vendor:   NVIDIA
    VRAM:     3964 MB
    Driver:   32.0.15.7703
Initialize mono
Mono path[0] = 'C:/Program Files/Unity 2022.3.10f1/Editor/Data/Managed'
Mono path[1] = 'C:/Program Files/Unity 2022.3.10f1/Editor/Data/MonoBleedingEdge/lib/mono/unityjit-win32'
Mono config path = 'C:/Program Files/Unity 2022.3.10f1/Editor/Data/MonoBleedingEdge/etc'
Using monoOptions --debugger-agent=transport=dt_socket,embedding=1,server=y,suspend=n,address=127.0.0.1:56928
Begin MonoManager ReloadAssembly
Registering precompiled unity dll's ...
Register platform support module: C:/Program Files/Unity 2022.3.10f1/Editor/Data/PlaybackEngines/WindowsStandaloneSupport/UnityEditor.WindowsStandalone.Extensions.dll
Registered in 0.005346 seconds.
- Loaded All Assemblies, in  0.471 seconds
Native extension for WindowsStandalone target not found
Mono: successfully reloaded assembly
- Finished resetting the current domain, in  0.392 seconds
Domain Reload Profiling: 860ms
	BeginReloadAssembly (163ms)
		ExecutionOrderSort (0ms)
		DisableScriptedObjects (0ms)
		BackupInstance (0ms)
		ReleaseScriptingObjects (0ms)
		CreateAndSetChildDomain (1ms)
	RebuildCommonClasses (49ms)
	RebuildNativeTypeToScriptingClass (13ms)
	initialDomainReloadingComplete (71ms)
	LoadAllAssembliesAndSetupDomain (172ms)
		LoadAssemblies (160ms)
		RebuildTransferFunctionScriptingTraits (0ms)
		AnalyzeDomain (169ms)
			TypeCache.Refresh (167ms)
				TypeCache.ScanAssembly (152ms)
			ScanForSourceGeneratedMonoScriptInfo (0ms)
			ResolveRequiredComponents (1ms)
	FinalizeReload (392ms)
		ReleaseScriptCaches (0ms)
		RebuildScriptCaches (0ms)
		SetupLoadedEditorAssemblies (293ms)
			LogAssemblyErrors (0ms)
			InitializePlatformSupportModulesInManaged (18ms)
			SetLoadedEditorAssemblies (11ms)
			RefreshPlugins (0ms)
			BeforeProcessingInitializeOnLoad (3ms)
			ProcessInitializeOnLoadAttributes (185ms)
			ProcessInitializeOnLoadMethodAttributes (76ms)
			AfterProcessingInitializeOnLoad (0ms)
			EditorAssembliesLoaded (0ms)
		ExecutionOrderSort2 (0ms)
		AwakeInstancesAfterBackupRestoration (0ms)
========================================================================
Worker process is ready to serve import requests
Begin MonoManager ReloadAssembly
- Loaded All Assemblies, in  0.770 seconds
Refreshing native plugins compatible for Editor in 3.28 ms, found 3 plugins.
Native extension for WindowsStandalone target not found
Mono: successfully reloaded assembly
- Finished resetting the current domain, in  0.696 seconds
Domain Reload Profiling: 1464ms
	BeginReloadAssembly (200ms)
		ExecutionOrderSort (0ms)
		DisableScriptedObjects (7ms)
		BackupInstance (0ms)
		ReleaseScriptingObjects (0ms)
		CreateAndSetChildDomain (29ms)
	RebuildCommonClasses (42ms)
	RebuildNativeTypeToScriptingClass (13ms)
	initialDomainReloadingComplete (53ms)
	LoadAllAssembliesAndSetupDomain (459ms)
		LoadAssemblies (342ms)
		RebuildTransferFunctionScriptingTraits (0ms)
		AnalyzeDomain (218ms)
			TypeCache.Refresh (192ms)
				TypeCache.ScanAssembly (177ms)
			ScanForSourceGeneratedMonoScriptInfo (18ms)
			ResolveRequiredComponents (4ms)
	FinalizeReload (696ms)
		ReleaseScriptCaches (0ms)
		RebuildScriptCaches (0ms)
		SetupLoadedEditorAssemblies (500ms)
			LogAssemblyErrors (0ms)
			InitializePlatformSupportModulesInManaged (8ms)
			SetLoadedEditorAssemblies (6ms)
			RefreshPlugins (0ms)
			BeforeProcessingInitializeOnLoad (68ms)
			ProcessInitializeOnLoadAttributes (387ms)
			ProcessInitializeOnLoadMethodAttributes (25ms)
			AfterProcessingInitializeOnLoad (6ms)
			EditorAssembliesLoaded (0ms)
		ExecutionOrderSort2 (0ms)
		AwakeInstancesAfterBackupRestoration (12ms)
Launched and connected shader compiler UnityShaderCompiler.exe after 0.12 seconds
Refreshing native plugins compatible for Editor in 7.67 ms, found 3 plugins.
Preloading 0 native plugins for Editor in 0.00 ms.
Unloading 3228 Unused Serialized files (Serialized files now loaded: 0)
Unloading 33 unused Assets / (56.3 KB). Loaded Objects now: 3691.
Memory consumption went from 118.2 MB to 118.1 MB.
Total: 5.339100 ms (FindLiveObjects: 0.302000 ms CreateObjectMapping: 0.246100 ms MarkObjects: 4.587400 ms  DeleteObjects: 0.202000 ms)

AssetImportParameters requested are different than current active one (requested -> active):
  custom:container-demuxer-ogg: 62fdf1f143b41e24485cea50d1cbac27 -> 
  custom:video-decoder-ogg-theora: a1e56fd34408186e4bbccfd4996cb3dc -> 
  custom:framework-win-MediaFoundation: 216162199b28c13a410421893ffa2e32 -> 
  custom:CustomObjectIndexerAttribute: 756ad292c208cfabdd7b50bc23989ffe -> 
  custom:container-demuxer-webm: 4f35f7cbe854078d1ac9338744f61a02 -> 
  custom:container-muxer-webm: aa71ff27fc2769a1b78a27578f13a17b -> 
  custom:video-decoder-webm-vp8: 9c59270c3fd7afecdb556c50c9e8de78 -> 
  custom:SearchIndexIgnoredProperties: e643bd26f0fe6173181afceb89e7c659 -> 
  custom:AudioImporter_EditorPlatform: d09bf68614088b80899f8185d706f6e7 -> 
  custom:video-encoder-webm-vp8: eb34c28f22e8b96e1ab97ce403110664 -> 
  custom:audio-decoder-ogg-vorbis: bf7c407c2cedff20999df2af8eb42d56 -> 
  custom:audio-encoder-webm-vorbis: bf7c407c2cedff20999df2af8eb42d56 -> 
========================================================================
Received Import Request.
  Time since last request: 88783.101876 seconds.
  path: Assets/Chapter1/3_2_4_USB_stencil
  artifactKey: Guid(9590808c2f2e98248a6e37f28306ca44) Importer(815301076,1909f56bfc062723c751e8b465ee728b)
Start importing Assets/Chapter1/3_2_4_USB_stencil using Guid(9590808c2f2e98248a6e37f28306ca44) Importer(815301076,1909f56bfc062723c751e8b465ee728b)  -> (artifact id: '2b24758be2e2df7b0861669a44f8c9e7') in 0.005336 seconds
Number of updated asset objects reloaded before import = 0
Number of asset objects unloaded after import = 0
========================================================================
Received Import Request.
  Time since last request: 339.151937 seconds.
  path: Assets/Chapter1/3_2_4_USB_stencil/USB_stencil_ref.shader
  artifactKey: Guid(e30b40e4403b1a342a9bb3a94edb4398) Importer(815301076,1909f56bfc062723c751e8b465ee728b)
Start importing Assets/Chapter1/3_2_4_USB_stencil/USB_stencil_ref.shader using Guid(e30b40e4403b1a342a9bb3a94edb4398) Importer(815301076,1909f56bfc062723c751e8b465ee728b)  -> (artifact id: '4d0ddc3fd49abdbb35e79f5f4925365e') in 0.018732 seconds
Number of updated asset objects reloaded before import = 0
Number of asset objects unloaded after import = 1
========================================================================
Received Import Request.
  Time since last request: 27.142485 seconds.
  path: Assets/Scenes/3_2_4_USB_stencil.unity
  artifactKey: Guid(f30498a2dd2b7f94f9221a7f24d522cb) Importer(815301076,1909f56bfc062723c751e8b465ee728b)
Start importing Assets/Scenes/3_2_4_USB_stencil.unity using Guid(f30498a2dd2b7f94f9221a7f24d522cb) Importer(815301076,1909f56bfc062723c751e8b465ee728b)  -> (artifact id: '25f41b1aa1b3abe128a046b7b4767a77') in 0.000786 seconds
Number of updated asset objects reloaded before import = 0
Number of asset objects unloaded after import = 0
========================================================================
Received Import Request.
  Time since last request: 450.511334 seconds.
  path: Assets/Chapter1/3_2_4_USB_stencil/USB_stencil_value.shader
  artifactKey: Guid(85a33757dc657a04d9d8cc00ec948422) Importer(815301076,1909f56bfc062723c751e8b465ee728b)
Start importing Assets/Chapter1/3_2_4_USB_stencil/USB_stencil_value.shader using Guid(85a33757dc657a04d9d8cc00ec948422) Importer(815301076,1909f56bfc062723c751e8b465ee728b)  -> (artifact id: '734b675f2a2d6a9f31122c9b38b0f61a') in 0.003573 seconds
Number of updated asset objects reloaded before import = 0
Number of asset objects unloaded after import = 1
========================================================================
Received Import Request.
  Time since last request: 206.464574 seconds.
  path: Assets/Chapter1/3_2_4_USB_stencil/Unlit_USB_stencil_ref.mat
  artifactKey: Guid(1e4101e1c26934047b3462664a3f090e) Importer(815301076,1909f56bfc062723c751e8b465ee728b)
Start importing Assets/Chapter1/3_2_4_USB_stencil/Unlit_USB_stencil_ref.mat using Guid(1e4101e1c26934047b3462664a3f090e) Importer(815301076,1909f56bfc062723c751e8b465ee728b)  -> (artifact id: '92e37c22f9223194595829416d7ad9a7') in 0.226044 seconds
Number of updated asset objects reloaded before import = 0
Number of asset objects unloaded after import = 2
========================================================================
Received Import Request.
  Time since last request: 14.409274 seconds.
  path: Assets/Chapter1/3_2_4_USB_stencil/Unlit_USB_stencil_value.mat
  artifactKey: Guid(40bc05d0c8024c546904760534eedcea) Importer(815301076,1909f56bfc062723c751e8b465ee728b)
Start importing Assets/Chapter1/3_2_4_USB_stencil/Unlit_USB_stencil_value.mat using Guid(40bc05d0c8024c546904760534eedcea) Importer(815301076,1909f56bfc062723c751e8b465ee728b)  -> (artifact id: '78f69a4e1096799dbd66deac6ebdde98') in 0.061209 seconds
Number of updated asset objects reloaded before import = 0
Number of asset objects unloaded after import = 2
========================================================================
Received Import Request.
  Time since last request: 61.682123 seconds.
  path: Assets/Chapter1/3_2_4_USB_stencil/New Material.mat
  artifactKey: Guid(3a5551c0feb433842915ac731012a93a) Importer(815301076,1909f56bfc062723c751e8b465ee728b)
Start importing Assets/Chapter1/3_2_4_USB_stencil/New Material.mat using Guid(3a5551c0feb433842915ac731012a93a) Importer(815301076,1909f56bfc062723c751e8b465ee728b)  -> (artifact id: '8c4a281a585ae82006e6fa0fe7c583be') in 0.049719 seconds
Number of updated asset objects reloaded before import = 0
Number of asset objects unloaded after import = 1
========================================================================
Received Import Request.
  Time since last request: 31.451100 seconds.
  path: Assets/Chapter1/3_2_4_USB_stencil/Unlit_USB_stencil_value.mat
  artifactKey: Guid(40bc05d0c8024c546904760534eedcea) Importer(815301076,1909f56bfc062723c751e8b465ee728b)
Start importing Assets/Chapter1/3_2_4_USB_stencil/Unlit_USB_stencil_value.mat using Guid(40bc05d0c8024c546904760534eedcea) Importer(815301076,1909f56bfc062723c751e8b465ee728b)  -> (artifact id: 'e6ad4519a36f1c9507a7076e3303e4b7') in 0.044274 seconds
Number of updated asset objects reloaded before import = 0
Number of asset objects unloaded after import = 2
========================================================================
Received Import Request.
  Time since last request: 78.279791 seconds.
  path: Assets/Chapter1/3_2_4_USB_stencil/New Material.mat
  artifactKey: Guid(3a5551c0feb433842915ac731012a93a) Importer(815301076,1909f56bfc062723c751e8b465ee728b)
Start importing Assets/Chapter1/3_2_4_USB_stencil/New Material.mat using Guid(3a5551c0feb433842915ac731012a93a) Importer(815301076,1909f56bfc062723c751e8b465ee728b)  -> (artifact id: 'b17bf441b5b4cc631a06260393e31b07') in 0.040119 seconds
Number of updated asset objects reloaded before import = 0
Number of asset objects unloaded after import = 1
========================================================================
Received Import Request.
  Time since last request: 0.000031 seconds.
  path: Assets/Chapter1/3_2_4_USB_stencil/Unlit_USB_stencil_value.mat
  artifactKey: Guid(40bc05d0c8024c546904760534eedcea) Importer(815301076,1909f56bfc062723c751e8b465ee728b)
Start importing Assets/Chapter1/3_2_4_USB_stencil/Unlit_USB_stencil_value.mat using Guid(40bc05d0c8024c546904760534eedcea) Importer(815301076,1909f56bfc062723c751e8b465ee728b)  -> (artifact id: '72715623992eb0a6732c587f84216dd0') in 0.043430 seconds
Number of updated asset objects reloaded before import = 0
Number of asset objects unloaded after import = 2
========================================================================
Received Import Request.
  Time since last request: 6287.398437 seconds.
  path: Assets/Chapter1/3_2_4_USB_stencil/USB_stencil_ref.shader
  artifactKey: Guid(e30b40e4403b1a342a9bb3a94edb4398) Importer(815301076,1909f56bfc062723c751e8b465ee728b)
Start importing Assets/Chapter1/3_2_4_USB_stencil/USB_stencil_ref.shader using Guid(e30b40e4403b1a342a9bb3a94edb4398) Importer(815301076,1909f56bfc062723c751e8b465ee728b)  -> (artifact id: 'f59172015184af676484ddadf89769c6') in 0.016222 seconds
Number of updated asset objects reloaded before import = 0
Number of asset objects unloaded after import = 1
